// Vitest Snapshot v1, https://vitest.dev/guide/snapshot.html

exports[`BlogComponent > should match snapshot 1`] = `
<div
  id="root1"
  ng-version="20.3.15"
>
  <section
    class="blog-page"
  >
    <div
      class="container"
    >
      <div
        class="page-header"
      >
        <h1>
          Блог
        </h1>
        <p
          class="page-intro"
        >
          Размышления о дизайне, коде и осознанной жизни.
        </p>
      </div>
      <div
        class="posts-list"
      >
        <article
          class="post-card natural-card"
        >
          <div
            class="post-meta"
          >
            <span
              class="post-date"
            >
              15 марта 2024
            </span>
            <span
              class="post-tag"
            >
              Размышления
            </span>
          </div>
          <h2
            class="post-title"
          >
            Искусство медленного кодирования
          </h2>
          <p
            class="post-excerpt"
          >
            В мире, одержимом скоростью, есть глубокая ценность в замедлении. Умея потратить время на написание вдумчивого, осознанного кода, приводит к лучшим результатам.
          </p>
          <a
            class="read-more"
            href="#"
          >
            Подробнее →
          </a>
        </article>
        <article
          class="post-card natural-card"
        >
          <div
            class="post-meta"
          >
            <span
              class="post-date"
            >
              12 марта 2024
            </span>
            <span
              class="post-tag"
            >
              Дизайн
            </span>
          </div>
          <h2
            class="post-title"
          >
            Проектирование для ясности
          </h2>
          <p
            class="post-excerpt"
          >
            Отличный дизайн устраняет препятствия. Когда интерфейсы исчезают на фоне, пользователи могут сосредоточиться на том, что действительно имеет значение.
          </p>
          <a
            class="read-more"
            href="#"
          >
            Подробнее →
          </a>
        </article>
        <article
          class="post-card natural-card"
        >
          <div
            class="post-meta"
          >
            <span
              class="post-date"
            >
              08 марта 2024
            </span>
            <span
              class="post-tag"
            >
              Образ жизни
            </span>
          </div>
          <h2
            class="post-title"
          >
            Минималистичная настройка рабочего пространства
          </h2>
          <p
            class="post-excerpt"
          >
            Ваша среда формирует вашу работу. Чистое, осознанное пространство способствует сосредоточенному, творческому мышлению.
          </p>
          <a
            class="read-more"
            href="#"
          >
            Подробнее →
          </a>
        </article>
        <article
          class="post-card natural-card"
        >
          <div
            class="post-meta"
          >
            <span
              class="post-date"
            >
              01 марта 2024
            </span>
            <span
              class="post-tag"
            >
              Рост
            </span>
          </div>
          <h2
            class="post-title"
          >
            Цифровое садоводство 101
          </h2>
          <p
            class="post-excerpt"
          >
            Обращение со своей базой знаний как с садом - лелеяние идей со временем, позволяя им расти органически.
          </p>
          <a
            class="read-more"
            href="#"
          >
            Подробнее →
          </a>
        </article>
        <!--container-->
      </div>
    </div>
  </section>
</div>
`;
