// Vitest Snapshot v1, https://vitest.dev/guide/snapshot.html

exports[`NotesComponent > should match snapshot 1`] = `
<div
  id="root1"
  ng-version="20.3.15"
>
  <section
    class="notes-page"
  >
    <div
      class="container"
    >
      <div
        class="page-header"
      >
        <h1>
          База знаний
        </h1>
        <p
          class="page-intro"
        >
          Цифровой сад идей, ресурсов и знаний.
        </p>
      </div>
      <div
        class="categories"
      >
        <button
          class="category-btn active"
        >
           Все 
        </button>
        <button
          class="category-btn"
        >
           Дизайн 
        </button>
        <button
          class="category-btn"
        >
           Код 
        </button>
        <button
          class="category-btn"
        >
           Инструменты 
        </button>
        <button
          class="category-btn"
        >
           Процессы 
        </button>
        <!--container-->
      </div>
      <div
        class="notes-grid"
      >
        <div
          class="note-card natural-card"
        >
          <span
            class="note-category"
          >
            Дизайн
          </span>
          <h3
            class="note-title"
          >
            Основы теории цвета
          </h3>
          <p
            class="note-preview"
          >
            Понимание того, как цвета взаимодействуют и создают визуальную гармонию.
          </p>
          <div
            class="note-footer"
          >
            <span
              class="note-date"
            >
              Обновлено 10 мар
            </span>
          </div>
        </div>
        <div
          class="note-card natural-card"
        >
          <span
            class="note-category"
          >
            Код
          </span>
          <h3
            class="note-title"
          >
            Советы TypeScript
          </h3>
          <p
            class="note-preview"
          >
            Практические паттерны для написания чистого кода TypeScript.
          </p>
          <div
            class="note-footer"
          >
            <span
              class="note-date"
            >
              Обновлено 8 мар
            </span>
          </div>
        </div>
        <div
          class="note-card natural-card"
        >
          <span
            class="note-category"
          >
            Инструменты
          </span>
          <h3
            class="note-title"
          >
            Горячие клавиши Figma
          </h3>
          <p
            class="note-preview"
          >
            Важные сочетания клавиш для эффективной работы с дизайном.
          </p>
          <div
            class="note-footer"
          >
            <span
              class="note-date"
            >
              Обновлено 5 мар
            </span>
          </div>
        </div>
        <div
          class="note-card natural-card"
        >
          <span
            class="note-category"
          >
            Процесс
          </span>
          <h3
            class="note-title"
          >
            Контрольный список проверки дизайна
          </h3>
          <p
            class="note-preview"
          >
            Ключевые вопросы для задания во время критики дизайна.
          </p>
          <div
            class="note-footer"
          >
            <span
              class="note-date"
            >
              Обновлено 3 мар
            </span>
          </div>
        </div>
        <div
          class="note-card natural-card"
        >
          <span
            class="note-category"
          >
            Дизайн
          </span>
          <h3
            class="note-title"
          >
            Типографическая шкала
          </h3>
          <p
            class="note-preview"
          >
            Создание гармоничных иерархий типов с модульными масштабами.
          </p>
          <div
            class="note-footer"
          >
            <span
              class="note-date"
            >
              Обновлено 28 фев
            </span>
          </div>
        </div>
        <div
          class="note-card natural-card"
        >
          <span
            class="note-category"
          >
            Код
          </span>
          <h3
            class="note-title"
          >
            Паттерны CSS Grid
          </h3>
          <p
            class="note-preview"
          >
            Общие паттерны макета с использованием CSS Grid.
          </p>
          <div
            class="note-footer"
          >
            <span
              class="note-date"
            >
              Обновлено 25 фев
            </span>
          </div>
        </div>
        <!--container-->
      </div>
    </div>
  </section>
</div>
`;
