// Vitest Snapshot v1, https://vitest.dev/guide/snapshot.html

exports[`WorkComponent > should match snapshot 1`] = `
<div
  id="root1"
  ng-version="20.3.15"
>
  <section
    class="work-page"
  >
    <div
      class="container"
    >
      <div
        class="page-header"
      >
        <h1>
          Выбранные работы
        </h1>
        <p
          class="page-intro"
        >
           Тщательно подобранная коллекция проектов, исследующих пересечение дизайна, технологии и осознанной жизни. 
        </p>
      </div>
      <div
        class="projects-grid"
      >
        <div
          class="project-card natural-card"
        >
          <div
            class="project-image"
            style="background-image: url(https://images.unsplash.com/photo-1470058869958-2a77ade41c02?auto=format&fit=crop&w=800&q=80);"
          />
          <div
            class="project-content"
          >
            <span
              class="project-category"
            >
              Цифровая экология
            </span>
            <h3
              class="project-title"
            >
              Органические системы
            </h3>
            <p
              class="project-desc"
            >
              Исследование пересечения естественных паттернов и дизайна интерфейсов.
            </p>
          </div>
        </div>
        <div
          class="project-card natural-card"
        >
          <div
            class="project-image"
            style="background-image: url(https://images.unsplash.com/photo-1494438639946-1ebd1d20bf85?auto=format&fit=crop&w=800&q=80);"
          />
          <div
            class="project-content"
          >
            <span
              class="project-category"
            >
              Цифровое благополучие
            </span>
            <h3
              class="project-title"
            >
              Осознанные технологии
            </h3>
            <p
              class="project-desc"
            >
              Создание приложений, которые уважают внимание пользователя и способствуют спокойствию.
            </p>
          </div>
        </div>
        <div
          class="project-card natural-card"
        >
          <div
            class="project-image"
            style="background-image: url(https://images.unsplash.com/photo-1518531933037-91b2f5f229cc?auto=format&fit=crop&w=800&q=80);"
          />
          <div
            class="project-content"
          >
            <span
              class="project-category"
            >
              Низкоуглеродный код
            </span>
            <h3
              class="project-title"
            >
              Устойчивый веб
            </h3>
            <p
              class="project-desc"
            >
              Оптимизация производительности для снижения цифрового углеродного следа.
            </p>
          </div>
        </div>
        <div
          class="project-card natural-card"
        >
          <div
            class="project-image"
            style="background-image: url(https://images.unsplash.com/photo-1506905925346-21bda4d32df4?auto=format&fit=crop&w=800&q=80);"
          />
          <div
            class="project-content"
          >
            <span
              class="project-category"
            >
              UX дизайн
            </span>
            <h3
              class="project-title"
            >
              Тихие интерфейсы
            </h3>
            <p
              class="project-desc"
            >
              Проектирование опытов, которые шепчут, а не кричат.
            </p>
          </div>
        </div>
        <!--container-->
      </div>
    </div>
  </section>
</div>
`;
